MPLINK 4.48, Linker
Linker Map File - Created Thu Jul 27 10:28:02 2023

                                 Section Info
                  Section       Type    Address   Location Size(Bytes)
                ---------  ---------  ---------  ---------  ---------
                   .org_0       code   0x000000    program   0x000002
                   .cinit    romdata   0x000001    program   0x000004
                   .org_1       code   0x000004    program   0x000fea
       .config_2007_PIC.O       code   0x002007    program   0x000002



                              Program Memory Usage 
                               Start         End      
                           ---------   ---------      
                            0x000000    0x000002      
                            0x000004    0x0007f8      
                            0x002007    0x002007      
            2041 out of 8454 program addresses used, program memory utilization is 24%



                              Symbols - Sorted by Name
                     Name    Address   Location    Storage File                     
                ---------  ---------  ---------  --------- ---------                
                   COUNTX   0x000533    program     static C:\Users\97259\OneDrive\Desktop\PIC\PIC.asm
                  COUNTX1   0x00056c    program     static C:\Users\97259\OneDrive\Desktop\PIC\PIC.asm
                  COUNTX2   0x0005a2    program     static C:\Users\97259\OneDrive\Desktop\PIC\PIC.asm
                  COUNTX3   0x0005d8    program     static C:\Users\97259\OneDrive\Desktop\PIC\PIC.asm
                  COUNTX4   0x00060e    program     static C:\Users\97259\OneDrive\Desktop\PIC\PIC.asm
               COUNTXMOD1   0x000682    program     static C:\Users\97259\OneDrive\Desktop\PIC\PIC.asm
               COUNTXMOD2   0x0006b8    program     static C:\Users\97259\OneDrive\Desktop\PIC\PIC.asm
               COUNTXMOD3   0x0006ee    program     static C:\Users\97259\OneDrive\Desktop\PIC\PIC.asm
               COUNTXMOD4   0x000724    program     static C:\Users\97259\OneDrive\Desktop\PIC\PIC.asm
        ClearLoopCounters   0x000276    program     static C:\Users\97259\OneDrive\Desktop\PIC\LCDIS_PORTA.INC
             CountersInit   0x000271    program     static C:\Users\97259\OneDrive\Desktop\PIC\LCDIS_PORTA.INC
               DIVU16LOOP   0x000522    program     static C:\Users\97259\OneDrive\Desktop\PIC\PIC.asm
              DIVU16LOOP1   0x00055b    program     static C:\Users\97259\OneDrive\Desktop\PIC\PIC.asm
              DIVU16LOOP2   0x000591    program     static C:\Users\97259\OneDrive\Desktop\PIC\PIC.asm
              DIVU16LOOP3   0x0005c7    program     static C:\Users\97259\OneDrive\Desktop\PIC\PIC.asm
              DIVU16LOOP4   0x0005fd    program     static C:\Users\97259\OneDrive\Desktop\PIC\PIC.asm
           DIVU16LOOPMOD1   0x000671    program     static C:\Users\97259\OneDrive\Desktop\PIC\PIC.asm
           DIVU16LOOPMOD2   0x0006a7    program     static C:\Users\97259\OneDrive\Desktop\PIC\PIC.asm
           DIVU16LOOPMOD3   0x0006dd    program     static C:\Users\97259\OneDrive\Desktop\PIC\PIC.asm
           DIVU16LOOPMOD4   0x000713    program     static C:\Users\97259\OneDrive\Desktop\PIC\PIC.asm
                   DIVV16   0x000503    program     static C:\Users\97259\OneDrive\Desktop\PIC\PIC.asm
                  DIVV161   0x00054c    program     static C:\Users\97259\OneDrive\Desktop\PIC\PIC.asm
                  DIVV162   0x000580    program     static C:\Users\97259\OneDrive\Desktop\PIC\PIC.asm
                  DIVV163   0x0005b6    program     static C:\Users\97259\OneDrive\Desktop\PIC\PIC.asm
                  DIVV164   0x0005ec    program     static C:\Users\97259\OneDrive\Desktop\PIC\PIC.asm
             DisableTimer   0x00027a    program     static C:\Users\97259\OneDrive\Desktop\PIC\LCDIS_PORTA.INC
                  END_DIV   0x000541    program     static C:\Users\97259\OneDrive\Desktop\PIC\PIC.asm
                 END_DIV1   0x00057a    program     static C:\Users\97259\OneDrive\Desktop\PIC\PIC.asm
                 END_DIV2   0x0005b0    program     static C:\Users\97259\OneDrive\Desktop\PIC\PIC.asm
                 END_DIV3   0x0005e6    program     static C:\Users\97259\OneDrive\Desktop\PIC\PIC.asm
                 END_DIV4   0x00061c    program     static C:\Users\97259\OneDrive\Desktop\PIC\PIC.asm
              END_DIVMOD1   0x000690    program     static C:\Users\97259\OneDrive\Desktop\PIC\PIC.asm
              END_DIVMOD2   0x0006c6    program     static C:\Users\97259\OneDrive\Desktop\PIC\PIC.asm
              END_DIVMOD3   0x0006fc    program     static C:\Users\97259\OneDrive\Desktop\PIC\PIC.asm
              END_DIVMOD4   0x000732    program     static C:\Users\97259\OneDrive\Desktop\PIC\PIC.asm
                     ENFH   0x0004a7    program     static C:\Users\97259\OneDrive\Desktop\PIC\PIC.asm
                     ENFO   0x0004f3    program     static C:\Users\97259\OneDrive\Desktop\PIC\PIC.asm
                    ENFTE   0x0004cf    program     static C:\Users\97259\OneDrive\Desktop\PIC\PIC.asm
                    ENFTH   0x00047b    program     static C:\Users\97259\OneDrive\Desktop\PIC\PIC.asm
                    ENFTT   0x00044b    program     static C:\Users\97259\OneDrive\Desktop\PIC\PIC.asm
                     ENSH   0x0004bb    program     static C:\Users\97259\OneDrive\Desktop\PIC\PIC.asm
                     ENSO   0x000503    program     static C:\Users\97259\OneDrive\Desktop\PIC\PIC.asm
                    ENSTE   0x0004e3    program     static C:\Users\97259\OneDrive\Desktop\PIC\PIC.asm
                    ENSTH   0x000493    program     static C:\Users\97259\OneDrive\Desktop\PIC\PIC.asm
                    ENSTT   0x000463    program     static C:\Users\97259\OneDrive\Desktop\PIC\PIC.asm
            EndComparison   0x00038f    program     static C:\Users\97259\OneDrive\Desktop\PIC\PIC.asm
           EndComparison1   0x0003aa    program     static C:\Users\97259\OneDrive\Desktop\PIC\PIC.asm
           EndComparison2   0x0003c5    program     static C:\Users\97259\OneDrive\Desktop\PIC\PIC.asm
           EndComparison3   0x0003e0    program     static C:\Users\97259\OneDrive\Desktop\PIC\PIC.asm
           EndComparison4   0x0003fb    program     static C:\Users\97259\OneDrive\Desktop\PIC\PIC.asm
                   FINALX   0x000539    program     static C:\Users\97259\OneDrive\Desktop\PIC\PIC.asm
                  FINALX1   0x000572    program     static C:\Users\97259\OneDrive\Desktop\PIC\PIC.asm
                  FINALX2   0x0005a8    program     static C:\Users\97259\OneDrive\Desktop\PIC\PIC.asm
                  FINALX3   0x0005de    program     static C:\Users\97259\OneDrive\Desktop\PIC\PIC.asm
                  FINALX4   0x000614    program     static C:\Users\97259\OneDrive\Desktop\PIC\PIC.asm
               FINALXMOD1   0x000688    program     static C:\Users\97259\OneDrive\Desktop\PIC\PIC.asm
               FINALXMOD2   0x0006be    program     static C:\Users\97259\OneDrive\Desktop\PIC\PIC.asm
               FINALXMOD3   0x0006f4    program     static C:\Users\97259\OneDrive\Desktop\PIC\PIC.asm
               FINALXMOD4   0x00072a    program     static C:\Users\97259\OneDrive\Desktop\PIC\PIC.asm
       HundredsSumEquals9   0x0003ba    program     static C:\Users\97259\OneDrive\Desktop\PIC\PIC.asm
  HundredsSumGreaterThan9   0x0003bd    program     static C:\Users\97259\OneDrive\Desktop\PIC\PIC.asm
     HundredsSumLessThan9   0x0003c2    program     static C:\Users\97259\OneDrive\Desktop\PIC\PIC.asm
                      ISR   0x00004b    program     static C:\Users\97259\OneDrive\Desktop\PIC\PIC.asm
            InnerLoopF1TH   0x000470    program     static C:\Users\97259\OneDrive\Desktop\PIC\PIC.asm
            InnerLoopF1TT   0x000440    program     static C:\Users\97259\OneDrive\Desktop\PIC\PIC.asm
            InnerLoopF2TH   0x000472    program     static C:\Users\97259\OneDrive\Desktop\PIC\PIC.asm
            InnerLoopF2TT   0x000442    program     static C:\Users\97259\OneDrive\Desktop\PIC\PIC.asm
              InnerLoopFH   0x0004a0    program     static C:\Users\97259\OneDrive\Desktop\PIC\PIC.asm
              InnerLoopFT   0x0004c8    program     static C:\Users\97259\OneDrive\Desktop\PIC\PIC.asm
            InnerLoopS1TH   0x000488    program     static C:\Users\97259\OneDrive\Desktop\PIC\PIC.asm
            InnerLoopS1TT   0x000458    program     static C:\Users\97259\OneDrive\Desktop\PIC\PIC.asm
            InnerLoopS2TH   0x00048a    program     static C:\Users\97259\OneDrive\Desktop\PIC\PIC.asm
            InnerLoopS2TT   0x00045a    program     static C:\Users\97259\OneDrive\Desktop\PIC\PIC.asm
              InnerLoopSH   0x0004b4    program     static C:\Users\97259\OneDrive\Desktop\PIC\PIC.asm
              InnerLoopST   0x0004dc    program     static C:\Users\97259\OneDrive\Desktop\PIC\PIC.asm
                     LOOP   0x00028c    program     static C:\Users\97259\OneDrive\Desktop\PIC\PIC.asm
                    LOOP1   0x0002a1    program     static C:\Users\97259\OneDrive\Desktop\PIC\PIC.asm
                   LOOP10   0x000361    program     static C:\Users\97259\OneDrive\Desktop\PIC\PIC.asm
                    LOOP2   0x0002b6    program     static C:\Users\97259\OneDrive\Desktop\PIC\PIC.asm
                    LOOP3   0x0002cb    program     static C:\Users\97259\OneDrive\Desktop\PIC\PIC.asm
                    LOOP4   0x0002e0    program     static C:\Users\97259\OneDrive\Desktop\PIC\PIC.asm
                    LOOP5   0x0002f7    program     static C:\Users\97259\OneDrive\Desktop\PIC\PIC.asm
                    LOOP6   0x00030a    program     static C:\Users\97259\OneDrive\Desktop\PIC\PIC.asm
                    LOOP7   0x00031f    program     static C:\Users\97259\OneDrive\Desktop\PIC\PIC.asm
                    LOOP8   0x000334    program     static C:\Users\97259\OneDrive\Desktop\PIC\PIC.asm
                    LOOP9   0x000349    program     static C:\Users\97259\OneDrive\Desktop\PIC\PIC.asm
                   LOOPYN   0x000767    program     static C:\Users\97259\OneDrive\Desktop\PIC\PIC.asm
                  LOOPYN1   0x0007a1    program     static C:\Users\97259\OneDrive\Desktop\PIC\PIC.asm
                  LOOPYN2   0x0007e7    program     static C:\Users\97259\OneDrive\Desktop\PIC\PIC.asm
                   LoopFO   0x0004ea    program     static C:\Users\97259\OneDrive\Desktop\PIC\PIC.asm
                   LoopSO   0x0004fa    program     static C:\Users\97259\OneDrive\Desktop\PIC\PIC.asm
                      MOD   0x00065c    program     static C:\Users\97259\OneDrive\Desktop\PIC\PIC.asm
                   MOD161   0x000662    program     static C:\Users\97259\OneDrive\Desktop\PIC\PIC.asm
                   MOD162   0x000696    program     static C:\Users\97259\OneDrive\Desktop\PIC\PIC.asm
                   MOD163   0x0006cc    program     static C:\Users\97259\OneDrive\Desktop\PIC\PIC.asm
                   MOD164   0x000702    program     static C:\Users\97259\OneDrive\Desktop\PIC\PIC.asm
                NOT_EQUAL   0x000097    program     static C:\Users\97259\OneDrive\Desktop\PIC\PIC.asm
               NOT_EQUAL1   0x0000bb    program     static C:\Users\97259\OneDrive\Desktop\PIC\PIC.asm
               NOT_EQUAL2   0x0000e4    program     static C:\Users\97259\OneDrive\Desktop\PIC\PIC.asm
               NOT_EQUAL3   0x00015c    program     static C:\Users\97259\OneDrive\Desktop\PIC\PIC.asm
               NOT_EQUAL4   0x000180    program     static C:\Users\97259\OneDrive\Desktop\PIC\PIC.asm
               NOT_EQUAL5   0x0001a9    program     static C:\Users\97259\OneDrive\Desktop\PIC\PIC.asm
           OnesSumEquals9   0x000384    program     static C:\Users\97259\OneDrive\Desktop\PIC\PIC.asm
      OnesSumGreaterThan9   0x000387    program     static C:\Users\97259\OneDrive\Desktop\PIC\PIC.asm
         OnesSumLessThan9   0x00038c    program     static C:\Users\97259\OneDrive\Desktop\PIC\PIC.asm
              OuterLoopFH   0x00049a    program     static C:\Users\97259\OneDrive\Desktop\PIC\PIC.asm
              OuterLoopFT   0x0004c2    program     static C:\Users\97259\OneDrive\Desktop\PIC\PIC.asm
             OuterLoopFTH   0x00046a    program     static C:\Users\97259\OneDrive\Desktop\PIC\PIC.asm
             OuterLoopFTT   0x00043a    program     static C:\Users\97259\OneDrive\Desktop\PIC\PIC.asm
              OuterLoopSH   0x0004ae    program     static C:\Users\97259\OneDrive\Desktop\PIC\PIC.asm
              OuterLoopST   0x0004d6    program     static C:\Users\97259\OneDrive\Desktop\PIC\PIC.asm
             OuterLoopSTH   0x000482    program     static C:\Users\97259\OneDrive\Desktop\PIC\PIC.asm
             OuterLoopSTT   0x000452    program     static C:\Users\97259\OneDrive\Desktop\PIC\PIC.asm
                 PrintErr   0x000258    program     static C:\Users\97259\OneDrive\Desktop\PIC\LCDIS_PORTA.INC
                  PrintOp   0x00024b    program     static C:\Users\97259\OneDrive\Desktop\PIC\LCDIS_PORTA.INC
                 PrintRes   0x00022c    program     static C:\Users\97259\OneDrive\Desktop\PIC\LCDIS_PORTA.INC
               SHIFT_IT16   0x000519    program     static C:\Users\97259\OneDrive\Desktop\PIC\PIC.asm
              SHIFT_IT161   0x000552    program     static C:\Users\97259\OneDrive\Desktop\PIC\PIC.asm
              SHIFT_IT162   0x000588    program     static C:\Users\97259\OneDrive\Desktop\PIC\PIC.asm
              SHIFT_IT163   0x0005be    program     static C:\Users\97259\OneDrive\Desktop\PIC\PIC.asm
              SHIFT_IT164   0x0005f4    program     static C:\Users\97259\OneDrive\Desktop\PIC\PIC.asm
           SHIFT_IT16MOD1   0x000668    program     static C:\Users\97259\OneDrive\Desktop\PIC\PIC.asm
           SHIFT_IT16MOD2   0x00069e    program     static C:\Users\97259\OneDrive\Desktop\PIC\PIC.asm
           SHIFT_IT16MOD3   0x0006d4    program     static C:\Users\97259\OneDrive\Desktop\PIC\PIC.asm
           SHIFT_IT16MOD4   0x00070a    program     static C:\Users\97259\OneDrive\Desktop\PIC\PIC.asm
             SingleDouble   0x00075f    program     static C:\Users\97259\OneDrive\Desktop\PIC\PIC.asm
      SingleDoubleCounter   0x0001bb    program     static C:\Users\97259\OneDrive\Desktop\PIC\PIC.asm
           SingleDoubleOP   0x000372    program     static C:\Users\97259\OneDrive\Desktop\PIC\PIC.asm
                      TC1   0x000225    program     static C:\Users\97259\OneDrive\Desktop\PIC\LCDIS_PORTA.INC
           TensSumEquals9   0x00039f    program     static C:\Users\97259\OneDrive\Desktop\PIC\PIC.asm
      TensSumGreaterThan9   0x0003a2    program     static C:\Users\97259\OneDrive\Desktop\PIC\PIC.asm
         TensSumLessThan9   0x0003a7    program     static C:\Users\97259\OneDrive\Desktop\PIC\PIC.asm
      ThousandsSumEquals9   0x0003d5    program     static C:\Users\97259\OneDrive\Desktop\PIC\PIC.asm
 ThousandsSumGreaterThan9   0x0003d8    program     static C:\Users\97259\OneDrive\Desktop\PIC\PIC.asm
    ThousandsSumLessThan9   0x0003dd    program     static C:\Users\97259\OneDrive\Desktop\PIC\PIC.asm
                 TimerCon   0x00021d    program     static C:\Users\97259\OneDrive\Desktop\PIC\LCDIS_PORTA.INC
             Wait5Seconds   0x00028b    program     static C:\Users\97259\OneDrive\Desktop\PIC\PIC.asm
            Wait5Seconds1   0x0002a0    program     static C:\Users\97259\OneDrive\Desktop\PIC\PIC.asm
           Wait5Seconds10   0x000360    program     static C:\Users\97259\OneDrive\Desktop\PIC\PIC.asm
            Wait5Seconds2   0x0002b5    program     static C:\Users\97259\OneDrive\Desktop\PIC\PIC.asm
            Wait5Seconds3   0x0002ca    program     static C:\Users\97259\OneDrive\Desktop\PIC\PIC.asm
            Wait5Seconds4   0x0002df    program     static C:\Users\97259\OneDrive\Desktop\PIC\PIC.asm
            Wait5Seconds5   0x0002f6    program     static C:\Users\97259\OneDrive\Desktop\PIC\PIC.asm
            Wait5Seconds6   0x000309    program     static C:\Users\97259\OneDrive\Desktop\PIC\PIC.asm
            Wait5Seconds7   0x00031e    program     static C:\Users\97259\OneDrive\Desktop\PIC\PIC.asm
            Wait5Seconds8   0x000333    program     static C:\Users\97259\OneDrive\Desktop\PIC\PIC.asm
            Wait5Seconds9   0x000348    program     static C:\Users\97259\OneDrive\Desktop\PIC\PIC.asm
           Wait5SecondsYN   0x000766    program     static C:\Users\97259\OneDrive\Desktop\PIC\PIC.asm
          Wait5SecondsYN1   0x0007a0    program     static C:\Users\97259\OneDrive\Desktop\PIC\PIC.asm
          Wait5SecondsYN2   0x0007e6    program     static C:\Users\97259\OneDrive\Desktop\PIC\PIC.asm
                      YN2   0x0007f7    program     static C:\Users\97259\OneDrive\Desktop\PIC\PIC.asm
        ZERO_TEST_SKIPPED   0x000514    program     static C:\Users\97259\OneDrive\Desktop\PIC\PIC.asm
       ZERO_TEST_SKIPPED1   0x00054c    program     static C:\Users\97259\OneDrive\Desktop\PIC\PIC.asm
       ZERO_TEST_SKIPPED3   0x0005b8    program     static C:\Users\97259\OneDrive\Desktop\PIC\PIC.asm
    ZERO_TEST_SKIPPEDMOD2   0x000698    program     static C:\Users\97259\OneDrive\Desktop\PIC\PIC.asm
    ZERO_TEST_SKIPPEDMOD3   0x0006ce    program     static C:\Users\97259\OneDrive\Desktop\PIC\PIC.asm
    ZERO_TEST_SKIPPEDMOD4   0x000704    program     static C:\Users\97259\OneDrive\Desktop\PIC\PIC.asm
                  checkYN   0x0001b4    program     static C:\Users\97259\OneDrive\Desktop\PIC\PIC.asm
               converting   0x000434    program     static C:\Users\97259\OneDrive\Desktop\PIC\PIC.asm
convertingAndDivisionDone   0x00065d    program     static C:\Users\97259\OneDrive\Desktop\PIC\PIC.asm
           counter_is_two   0x000109    program     static C:\Users\97259\OneDrive\Desktop\PIC\PIC.asm
         counter_not_zero   0x0000fb    program     static C:\Users\97259\OneDrive\Desktop\PIC\PIC.asm
                 division   0x000427    program     static C:\Users\97259\OneDrive\Desktop\PIC\PIC.asm
                  end_isr   0x0001c0    program     static C:\Users\97259\OneDrive\Desktop\PIC\PIC.asm
                equal_end   0x00005f    program     static C:\Users\97259\OneDrive\Desktop\PIC\PIC.asm
               equal_end1   0x00007c    program     static C:\Users\97259\OneDrive\Desktop\PIC\PIC.asm
              equal_end10   0x0001af    program     static C:\Users\97259\OneDrive\Desktop\PIC\PIC.asm
               equal_end2   0x00009d    program     static C:\Users\97259\OneDrive\Desktop\PIC\PIC.asm
               equal_end3   0x0000c1    program     static C:\Users\97259\OneDrive\Desktop\PIC\PIC.asm
               equal_end4   0x0000ea    program     static C:\Users\97259\OneDrive\Desktop\PIC\PIC.asm
               equal_end5   0x000113    program     static C:\Users\97259\OneDrive\Desktop\PIC\PIC.asm
               equal_end6   0x000125    program     static C:\Users\97259\OneDrive\Desktop\PIC\PIC.asm
               equal_end7   0x000142    program     static C:\Users\97259\OneDrive\Desktop\PIC\PIC.asm
               equal_end8   0x000162    program     static C:\Users\97259\OneDrive\Desktop\PIC\PIC.asm
               equal_end9   0x000186    program     static C:\Users\97259\OneDrive\Desktop\PIC\PIC.asm
                     inid   0x0001f4    program     static C:\Users\97259\OneDrive\Desktop\PIC\LCDIS_PORTA.INC
                     init   0x000005    program     static C:\Users\97259\OneDrive\Desktop\PIC\PIC.asm
                    loop1   0x0001cb    program     static C:\Users\97259\OneDrive\Desktop\PIC\LCDIS_PORTA.INC
                    loopX   0x0001d0    program     static C:\Users\97259\OneDrive\Desktop\PIC\LCDIS_PORTA.INC
            more_than_six   0x000062    program     static C:\Users\97259\OneDrive\Desktop\PIC\PIC.asm
           more_than_six1   0x00013c    program     static C:\Users\97259\OneDrive\Desktop\PIC\PIC.asm
                not_equal   0x000050    program     static C:\Users\97259\OneDrive\Desktop\PIC\PIC.asm
               not_equal1   0x000068    program     static C:\Users\97259\OneDrive\Desktop\PIC\PIC.asm
              not_equal10   0x000189    program     static C:\Users\97259\OneDrive\Desktop\PIC\PIC.asm
               not_equal2   0x00007f    program     static C:\Users\97259\OneDrive\Desktop\PIC\PIC.asm
               not_equal3   0x0000a0    program     static C:\Users\97259\OneDrive\Desktop\PIC\PIC.asm
               not_equal4   0x0000c4    program     static C:\Users\97259\OneDrive\Desktop\PIC\PIC.asm
               not_equal5   0x0000ed    program     static C:\Users\97259\OneDrive\Desktop\PIC\PIC.asm
               not_equal6   0x000116    program     static C:\Users\97259\OneDrive\Desktop\PIC\PIC.asm
               not_equal7   0x000128    program     static C:\Users\97259\OneDrive\Desktop\PIC\PIC.asm
               not_equal8   0x000145    program     static C:\Users\97259\OneDrive\Desktop\PIC\PIC.asm
               not_equal9   0x000165    program     static C:\Users\97259\OneDrive\Desktop\PIC\PIC.asm
               numToASCII   0x00021b    program     static C:\Users\97259\OneDrive\Desktop\PIC\LCDIS_PORTA.INC
                    onems   0x0001c9    program     static C:\Users\97259\OneDrive\Desktop\PIC\LCDIS_PORTA.INC
            printDivision   0x000629    program     static C:\Users\97259\OneDrive\Desktop\PIC\PIC.asm
             program_loop   0x000283    program     static C:\Users\97259\OneDrive\Desktop\PIC\PIC.asm
                   pulseE   0x0001d4    program     static C:\Users\97259\OneDrive\Desktop\PIC\LCDIS_PORTA.INC
            reset_counter   0x0001b9    program     static C:\Users\97259\OneDrive\Desktop\PIC\PIC.asm
                     send   0x0001e1    program     static C:\Users\97259\OneDrive\Desktop\PIC\LCDIS_PORTA.INC
                    start   0x00027f    program     static C:\Users\97259\OneDrive\Desktop\PIC\PIC.asm
   tenThousandsSumEquals9   0x0003f0    program     static C:\Users\97259\OneDrive\Desktop\PIC\PIC.asm
tenThousandsSumSumGreaterThan9   0x0003f3    program     static C:\Users\97259\OneDrive\Desktop\PIC\PIC.asm
tenThousandsSumSumLessThan9   0x0003f8    program     static C:\Users\97259\OneDrive\Desktop\PIC\PIC.asm
                      xms   0x0001cf    program     static C:\Users\97259\OneDrive\Desktop\PIC\LCDIS_PORTA.INC



                              Symbols - Sorted by Address
                     Name    Address   Location    Storage File                     
                ---------  ---------  ---------  --------- ---------                
                     init   0x000005    program     static C:\Users\97259\OneDrive\Desktop\PIC\PIC.asm
                      ISR   0x00004b    program     static C:\Users\97259\OneDrive\Desktop\PIC\PIC.asm
                not_equal   0x000050    program     static C:\Users\97259\OneDrive\Desktop\PIC\PIC.asm
                equal_end   0x00005f    program     static C:\Users\97259\OneDrive\Desktop\PIC\PIC.asm
            more_than_six   0x000062    program     static C:\Users\97259\OneDrive\Desktop\PIC\PIC.asm
               not_equal1   0x000068    program     static C:\Users\97259\OneDrive\Desktop\PIC\PIC.asm
               equal_end1   0x00007c    program     static C:\Users\97259\OneDrive\Desktop\PIC\PIC.asm
               not_equal2   0x00007f    program     static C:\Users\97259\OneDrive\Desktop\PIC\PIC.asm
                NOT_EQUAL   0x000097    program     static C:\Users\97259\OneDrive\Desktop\PIC\PIC.asm
               equal_end2   0x00009d    program     static C:\Users\97259\OneDrive\Desktop\PIC\PIC.asm
               not_equal3   0x0000a0    program     static C:\Users\97259\OneDrive\Desktop\PIC\PIC.asm
               NOT_EQUAL1   0x0000bb    program     static C:\Users\97259\OneDrive\Desktop\PIC\PIC.asm
               equal_end3   0x0000c1    program     static C:\Users\97259\OneDrive\Desktop\PIC\PIC.asm
               not_equal4   0x0000c4    program     static C:\Users\97259\OneDrive\Desktop\PIC\PIC.asm
               NOT_EQUAL2   0x0000e4    program     static C:\Users\97259\OneDrive\Desktop\PIC\PIC.asm
               equal_end4   0x0000ea    program     static C:\Users\97259\OneDrive\Desktop\PIC\PIC.asm
               not_equal5   0x0000ed    program     static C:\Users\97259\OneDrive\Desktop\PIC\PIC.asm
         counter_not_zero   0x0000fb    program     static C:\Users\97259\OneDrive\Desktop\PIC\PIC.asm
           counter_is_two   0x000109    program     static C:\Users\97259\OneDrive\Desktop\PIC\PIC.asm
               equal_end5   0x000113    program     static C:\Users\97259\OneDrive\Desktop\PIC\PIC.asm
               not_equal6   0x000116    program     static C:\Users\97259\OneDrive\Desktop\PIC\PIC.asm
               equal_end6   0x000125    program     static C:\Users\97259\OneDrive\Desktop\PIC\PIC.asm
               not_equal7   0x000128    program     static C:\Users\97259\OneDrive\Desktop\PIC\PIC.asm
           more_than_six1   0x00013c    program     static C:\Users\97259\OneDrive\Desktop\PIC\PIC.asm
               equal_end7   0x000142    program     static C:\Users\97259\OneDrive\Desktop\PIC\PIC.asm
               not_equal8   0x000145    program     static C:\Users\97259\OneDrive\Desktop\PIC\PIC.asm
               NOT_EQUAL3   0x00015c    program     static C:\Users\97259\OneDrive\Desktop\PIC\PIC.asm
               equal_end8   0x000162    program     static C:\Users\97259\OneDrive\Desktop\PIC\PIC.asm
               not_equal9   0x000165    program     static C:\Users\97259\OneDrive\Desktop\PIC\PIC.asm
               NOT_EQUAL4   0x000180    program     static C:\Users\97259\OneDrive\Desktop\PIC\PIC.asm
               equal_end9   0x000186    program     static C:\Users\97259\OneDrive\Desktop\PIC\PIC.asm
              not_equal10   0x000189    program     static C:\Users\97259\OneDrive\Desktop\PIC\PIC.asm
               NOT_EQUAL5   0x0001a9    program     static C:\Users\97259\OneDrive\Desktop\PIC\PIC.asm
              equal_end10   0x0001af    program     static C:\Users\97259\OneDrive\Desktop\PIC\PIC.asm
                  checkYN   0x0001b4    program     static C:\Users\97259\OneDrive\Desktop\PIC\PIC.asm
            reset_counter   0x0001b9    program     static C:\Users\97259\OneDrive\Desktop\PIC\PIC.asm
      SingleDoubleCounter   0x0001bb    program     static C:\Users\97259\OneDrive\Desktop\PIC\PIC.asm
                  end_isr   0x0001c0    program     static C:\Users\97259\OneDrive\Desktop\PIC\PIC.asm
                    onems   0x0001c9    program     static C:\Users\97259\OneDrive\Desktop\PIC\LCDIS_PORTA.INC
                    loop1   0x0001cb    program     static C:\Users\97259\OneDrive\Desktop\PIC\LCDIS_PORTA.INC
                      xms   0x0001cf    program     static C:\Users\97259\OneDrive\Desktop\PIC\LCDIS_PORTA.INC
                    loopX   0x0001d0    program     static C:\Users\97259\OneDrive\Desktop\PIC\LCDIS_PORTA.INC
                   pulseE   0x0001d4    program     static C:\Users\97259\OneDrive\Desktop\PIC\LCDIS_PORTA.INC
                     send   0x0001e1    program     static C:\Users\97259\OneDrive\Desktop\PIC\LCDIS_PORTA.INC
                     inid   0x0001f4    program     static C:\Users\97259\OneDrive\Desktop\PIC\LCDIS_PORTA.INC
               numToASCII   0x00021b    program     static C:\Users\97259\OneDrive\Desktop\PIC\LCDIS_PORTA.INC
                 TimerCon   0x00021d    program     static C:\Users\97259\OneDrive\Desktop\PIC\LCDIS_PORTA.INC
                      TC1   0x000225    program     static C:\Users\97259\OneDrive\Desktop\PIC\LCDIS_PORTA.INC
                 PrintRes   0x00022c    program     static C:\Users\97259\OneDrive\Desktop\PIC\LCDIS_PORTA.INC
                  PrintOp   0x00024b    program     static C:\Users\97259\OneDrive\Desktop\PIC\LCDIS_PORTA.INC
                 PrintErr   0x000258    program     static C:\Users\97259\OneDrive\Desktop\PIC\LCDIS_PORTA.INC
             CountersInit   0x000271    program     static C:\Users\97259\OneDrive\Desktop\PIC\LCDIS_PORTA.INC
        ClearLoopCounters   0x000276    program     static C:\Users\97259\OneDrive\Desktop\PIC\LCDIS_PORTA.INC
             DisableTimer   0x00027a    program     static C:\Users\97259\OneDrive\Desktop\PIC\LCDIS_PORTA.INC
                    start   0x00027f    program     static C:\Users\97259\OneDrive\Desktop\PIC\PIC.asm
             program_loop   0x000283    program     static C:\Users\97259\OneDrive\Desktop\PIC\PIC.asm
             Wait5Seconds   0x00028b    program     static C:\Users\97259\OneDrive\Desktop\PIC\PIC.asm
                     LOOP   0x00028c    program     static C:\Users\97259\OneDrive\Desktop\PIC\PIC.asm
            Wait5Seconds1   0x0002a0    program     static C:\Users\97259\OneDrive\Desktop\PIC\PIC.asm
                    LOOP1   0x0002a1    program     static C:\Users\97259\OneDrive\Desktop\PIC\PIC.asm
            Wait5Seconds2   0x0002b5    program     static C:\Users\97259\OneDrive\Desktop\PIC\PIC.asm
                    LOOP2   0x0002b6    program     static C:\Users\97259\OneDrive\Desktop\PIC\PIC.asm
            Wait5Seconds3   0x0002ca    program     static C:\Users\97259\OneDrive\Desktop\PIC\PIC.asm
                    LOOP3   0x0002cb    program     static C:\Users\97259\OneDrive\Desktop\PIC\PIC.asm
            Wait5Seconds4   0x0002df    program     static C:\Users\97259\OneDrive\Desktop\PIC\PIC.asm
                    LOOP4   0x0002e0    program     static C:\Users\97259\OneDrive\Desktop\PIC\PIC.asm
            Wait5Seconds5   0x0002f6    program     static C:\Users\97259\OneDrive\Desktop\PIC\PIC.asm
                    LOOP5   0x0002f7    program     static C:\Users\97259\OneDrive\Desktop\PIC\PIC.asm
            Wait5Seconds6   0x000309    program     static C:\Users\97259\OneDrive\Desktop\PIC\PIC.asm
                    LOOP6   0x00030a    program     static C:\Users\97259\OneDrive\Desktop\PIC\PIC.asm
            Wait5Seconds7   0x00031e    program     static C:\Users\97259\OneDrive\Desktop\PIC\PIC.asm
                    LOOP7   0x00031f    program     static C:\Users\97259\OneDrive\Desktop\PIC\PIC.asm
            Wait5Seconds8   0x000333    program     static C:\Users\97259\OneDrive\Desktop\PIC\PIC.asm
                    LOOP8   0x000334    program     static C:\Users\97259\OneDrive\Desktop\PIC\PIC.asm
            Wait5Seconds9   0x000348    program     static C:\Users\97259\OneDrive\Desktop\PIC\PIC.asm
                    LOOP9   0x000349    program     static C:\Users\97259\OneDrive\Desktop\PIC\PIC.asm
           Wait5Seconds10   0x000360    program     static C:\Users\97259\OneDrive\Desktop\PIC\PIC.asm
                   LOOP10   0x000361    program     static C:\Users\97259\OneDrive\Desktop\PIC\PIC.asm
           SingleDoubleOP   0x000372    program     static C:\Users\97259\OneDrive\Desktop\PIC\PIC.asm
           OnesSumEquals9   0x000384    program     static C:\Users\97259\OneDrive\Desktop\PIC\PIC.asm
      OnesSumGreaterThan9   0x000387    program     static C:\Users\97259\OneDrive\Desktop\PIC\PIC.asm
         OnesSumLessThan9   0x00038c    program     static C:\Users\97259\OneDrive\Desktop\PIC\PIC.asm
            EndComparison   0x00038f    program     static C:\Users\97259\OneDrive\Desktop\PIC\PIC.asm
           TensSumEquals9   0x00039f    program     static C:\Users\97259\OneDrive\Desktop\PIC\PIC.asm
      TensSumGreaterThan9   0x0003a2    program     static C:\Users\97259\OneDrive\Desktop\PIC\PIC.asm
         TensSumLessThan9   0x0003a7    program     static C:\Users\97259\OneDrive\Desktop\PIC\PIC.asm
           EndComparison1   0x0003aa    program     static C:\Users\97259\OneDrive\Desktop\PIC\PIC.asm
       HundredsSumEquals9   0x0003ba    program     static C:\Users\97259\OneDrive\Desktop\PIC\PIC.asm
  HundredsSumGreaterThan9   0x0003bd    program     static C:\Users\97259\OneDrive\Desktop\PIC\PIC.asm
     HundredsSumLessThan9   0x0003c2    program     static C:\Users\97259\OneDrive\Desktop\PIC\PIC.asm
           EndComparison2   0x0003c5    program     static C:\Users\97259\OneDrive\Desktop\PIC\PIC.asm
      ThousandsSumEquals9   0x0003d5    program     static C:\Users\97259\OneDrive\Desktop\PIC\PIC.asm
 ThousandsSumGreaterThan9   0x0003d8    program     static C:\Users\97259\OneDrive\Desktop\PIC\PIC.asm
    ThousandsSumLessThan9   0x0003dd    program     static C:\Users\97259\OneDrive\Desktop\PIC\PIC.asm
           EndComparison3   0x0003e0    program     static C:\Users\97259\OneDrive\Desktop\PIC\PIC.asm
   tenThousandsSumEquals9   0x0003f0    program     static C:\Users\97259\OneDrive\Desktop\PIC\PIC.asm
tenThousandsSumSumGreaterThan9   0x0003f3    program     static C:\Users\97259\OneDrive\Desktop\PIC\PIC.asm
tenThousandsSumSumLessThan9   0x0003f8    program     static C:\Users\97259\OneDrive\Desktop\PIC\PIC.asm
           EndComparison4   0x0003fb    program     static C:\Users\97259\OneDrive\Desktop\PIC\PIC.asm
                 division   0x000427    program     static C:\Users\97259\OneDrive\Desktop\PIC\PIC.asm
               converting   0x000434    program     static C:\Users\97259\OneDrive\Desktop\PIC\PIC.asm
             OuterLoopFTT   0x00043a    program     static C:\Users\97259\OneDrive\Desktop\PIC\PIC.asm
            InnerLoopF1TT   0x000440    program     static C:\Users\97259\OneDrive\Desktop\PIC\PIC.asm
            InnerLoopF2TT   0x000442    program     static C:\Users\97259\OneDrive\Desktop\PIC\PIC.asm
                    ENFTT   0x00044b    program     static C:\Users\97259\OneDrive\Desktop\PIC\PIC.asm
             OuterLoopSTT   0x000452    program     static C:\Users\97259\OneDrive\Desktop\PIC\PIC.asm
            InnerLoopS1TT   0x000458    program     static C:\Users\97259\OneDrive\Desktop\PIC\PIC.asm
            InnerLoopS2TT   0x00045a    program     static C:\Users\97259\OneDrive\Desktop\PIC\PIC.asm
                    ENSTT   0x000463    program     static C:\Users\97259\OneDrive\Desktop\PIC\PIC.asm
             OuterLoopFTH   0x00046a    program     static C:\Users\97259\OneDrive\Desktop\PIC\PIC.asm
            InnerLoopF1TH   0x000470    program     static C:\Users\97259\OneDrive\Desktop\PIC\PIC.asm
            InnerLoopF2TH   0x000472    program     static C:\Users\97259\OneDrive\Desktop\PIC\PIC.asm
                    ENFTH   0x00047b    program     static C:\Users\97259\OneDrive\Desktop\PIC\PIC.asm
             OuterLoopSTH   0x000482    program     static C:\Users\97259\OneDrive\Desktop\PIC\PIC.asm
            InnerLoopS1TH   0x000488    program     static C:\Users\97259\OneDrive\Desktop\PIC\PIC.asm
            InnerLoopS2TH   0x00048a    program     static C:\Users\97259\OneDrive\Desktop\PIC\PIC.asm
                    ENSTH   0x000493    program     static C:\Users\97259\OneDrive\Desktop\PIC\PIC.asm
              OuterLoopFH   0x00049a    program     static C:\Users\97259\OneDrive\Desktop\PIC\PIC.asm
              InnerLoopFH   0x0004a0    program     static C:\Users\97259\OneDrive\Desktop\PIC\PIC.asm
                     ENFH   0x0004a7    program     static C:\Users\97259\OneDrive\Desktop\PIC\PIC.asm
              OuterLoopSH   0x0004ae    program     static C:\Users\97259\OneDrive\Desktop\PIC\PIC.asm
              InnerLoopSH   0x0004b4    program     static C:\Users\97259\OneDrive\Desktop\PIC\PIC.asm
                     ENSH   0x0004bb    program     static C:\Users\97259\OneDrive\Desktop\PIC\PIC.asm
              OuterLoopFT   0x0004c2    program     static C:\Users\97259\OneDrive\Desktop\PIC\PIC.asm
              InnerLoopFT   0x0004c8    program     static C:\Users\97259\OneDrive\Desktop\PIC\PIC.asm
                    ENFTE   0x0004cf    program     static C:\Users\97259\OneDrive\Desktop\PIC\PIC.asm
              OuterLoopST   0x0004d6    program     static C:\Users\97259\OneDrive\Desktop\PIC\PIC.asm
              InnerLoopST   0x0004dc    program     static C:\Users\97259\OneDrive\Desktop\PIC\PIC.asm
                    ENSTE   0x0004e3    program     static C:\Users\97259\OneDrive\Desktop\PIC\PIC.asm
                   LoopFO   0x0004ea    program     static C:\Users\97259\OneDrive\Desktop\PIC\PIC.asm
                     ENFO   0x0004f3    program     static C:\Users\97259\OneDrive\Desktop\PIC\PIC.asm
                   LoopSO   0x0004fa    program     static C:\Users\97259\OneDrive\Desktop\PIC\PIC.asm
                   DIVV16   0x000503    program     static C:\Users\97259\OneDrive\Desktop\PIC\PIC.asm
                     ENSO   0x000503    program     static C:\Users\97259\OneDrive\Desktop\PIC\PIC.asm
        ZERO_TEST_SKIPPED   0x000514    program     static C:\Users\97259\OneDrive\Desktop\PIC\PIC.asm
               SHIFT_IT16   0x000519    program     static C:\Users\97259\OneDrive\Desktop\PIC\PIC.asm
               DIVU16LOOP   0x000522    program     static C:\Users\97259\OneDrive\Desktop\PIC\PIC.asm
                   COUNTX   0x000533    program     static C:\Users\97259\OneDrive\Desktop\PIC\PIC.asm
                   FINALX   0x000539    program     static C:\Users\97259\OneDrive\Desktop\PIC\PIC.asm
                  END_DIV   0x000541    program     static C:\Users\97259\OneDrive\Desktop\PIC\PIC.asm
                  DIVV161   0x00054c    program     static C:\Users\97259\OneDrive\Desktop\PIC\PIC.asm
       ZERO_TEST_SKIPPED1   0x00054c    program     static C:\Users\97259\OneDrive\Desktop\PIC\PIC.asm
              SHIFT_IT161   0x000552    program     static C:\Users\97259\OneDrive\Desktop\PIC\PIC.asm
              DIVU16LOOP1   0x00055b    program     static C:\Users\97259\OneDrive\Desktop\PIC\PIC.asm
                  COUNTX1   0x00056c    program     static C:\Users\97259\OneDrive\Desktop\PIC\PIC.asm
                  FINALX1   0x000572    program     static C:\Users\97259\OneDrive\Desktop\PIC\PIC.asm
                 END_DIV1   0x00057a    program     static C:\Users\97259\OneDrive\Desktop\PIC\PIC.asm
                  DIVV162   0x000580    program     static C:\Users\97259\OneDrive\Desktop\PIC\PIC.asm
              SHIFT_IT162   0x000588    program     static C:\Users\97259\OneDrive\Desktop\PIC\PIC.asm
              DIVU16LOOP2   0x000591    program     static C:\Users\97259\OneDrive\Desktop\PIC\PIC.asm
                  COUNTX2   0x0005a2    program     static C:\Users\97259\OneDrive\Desktop\PIC\PIC.asm
                  FINALX2   0x0005a8    program     static C:\Users\97259\OneDrive\Desktop\PIC\PIC.asm
                 END_DIV2   0x0005b0    program     static C:\Users\97259\OneDrive\Desktop\PIC\PIC.asm
                  DIVV163   0x0005b6    program     static C:\Users\97259\OneDrive\Desktop\PIC\PIC.asm
       ZERO_TEST_SKIPPED3   0x0005b8    program     static C:\Users\97259\OneDrive\Desktop\PIC\PIC.asm
              SHIFT_IT163   0x0005be    program     static C:\Users\97259\OneDrive\Desktop\PIC\PIC.asm
              DIVU16LOOP3   0x0005c7    program     static C:\Users\97259\OneDrive\Desktop\PIC\PIC.asm
                  COUNTX3   0x0005d8    program     static C:\Users\97259\OneDrive\Desktop\PIC\PIC.asm
                  FINALX3   0x0005de    program     static C:\Users\97259\OneDrive\Desktop\PIC\PIC.asm
                 END_DIV3   0x0005e6    program     static C:\Users\97259\OneDrive\Desktop\PIC\PIC.asm
                  DIVV164   0x0005ec    program     static C:\Users\97259\OneDrive\Desktop\PIC\PIC.asm
              SHIFT_IT164   0x0005f4    program     static C:\Users\97259\OneDrive\Desktop\PIC\PIC.asm
              DIVU16LOOP4   0x0005fd    program     static C:\Users\97259\OneDrive\Desktop\PIC\PIC.asm
                  COUNTX4   0x00060e    program     static C:\Users\97259\OneDrive\Desktop\PIC\PIC.asm
                  FINALX4   0x000614    program     static C:\Users\97259\OneDrive\Desktop\PIC\PIC.asm
                 END_DIV4   0x00061c    program     static C:\Users\97259\OneDrive\Desktop\PIC\PIC.asm
            printDivision   0x000629    program     static C:\Users\97259\OneDrive\Desktop\PIC\PIC.asm
                      MOD   0x00065c    program     static C:\Users\97259\OneDrive\Desktop\PIC\PIC.asm
convertingAndDivisionDone   0x00065d    program     static C:\Users\97259\OneDrive\Desktop\PIC\PIC.asm
                   MOD161   0x000662    program     static C:\Users\97259\OneDrive\Desktop\PIC\PIC.asm
           SHIFT_IT16MOD1   0x000668    program     static C:\Users\97259\OneDrive\Desktop\PIC\PIC.asm
           DIVU16LOOPMOD1   0x000671    program     static C:\Users\97259\OneDrive\Desktop\PIC\PIC.asm
               COUNTXMOD1   0x000682    program     static C:\Users\97259\OneDrive\Desktop\PIC\PIC.asm
               FINALXMOD1   0x000688    program     static C:\Users\97259\OneDrive\Desktop\PIC\PIC.asm
              END_DIVMOD1   0x000690    program     static C:\Users\97259\OneDrive\Desktop\PIC\PIC.asm
                   MOD162   0x000696    program     static C:\Users\97259\OneDrive\Desktop\PIC\PIC.asm
    ZERO_TEST_SKIPPEDMOD2   0x000698    program     static C:\Users\97259\OneDrive\Desktop\PIC\PIC.asm
           SHIFT_IT16MOD2   0x00069e    program     static C:\Users\97259\OneDrive\Desktop\PIC\PIC.asm
           DIVU16LOOPMOD2   0x0006a7    program     static C:\Users\97259\OneDrive\Desktop\PIC\PIC.asm
               COUNTXMOD2   0x0006b8    program     static C:\Users\97259\OneDrive\Desktop\PIC\PIC.asm
               FINALXMOD2   0x0006be    program     static C:\Users\97259\OneDrive\Desktop\PIC\PIC.asm
              END_DIVMOD2   0x0006c6    program     static C:\Users\97259\OneDrive\Desktop\PIC\PIC.asm
                   MOD163   0x0006cc    program     static C:\Users\97259\OneDrive\Desktop\PIC\PIC.asm
    ZERO_TEST_SKIPPEDMOD3   0x0006ce    program     static C:\Users\97259\OneDrive\Desktop\PIC\PIC.asm
           SHIFT_IT16MOD3   0x0006d4    program     static C:\Users\97259\OneDrive\Desktop\PIC\PIC.asm
           DIVU16LOOPMOD3   0x0006dd    program     static C:\Users\97259\OneDrive\Desktop\PIC\PIC.asm
               COUNTXMOD3   0x0006ee    program     static C:\Users\97259\OneDrive\Desktop\PIC\PIC.asm
               FINALXMOD3   0x0006f4    program     static C:\Users\97259\OneDrive\Desktop\PIC\PIC.asm
              END_DIVMOD3   0x0006fc    program     static C:\Users\97259\OneDrive\Desktop\PIC\PIC.asm
                   MOD164   0x000702    program     static C:\Users\97259\OneDrive\Desktop\PIC\PIC.asm
    ZERO_TEST_SKIPPEDMOD4   0x000704    program     static C:\Users\97259\OneDrive\Desktop\PIC\PIC.asm
           SHIFT_IT16MOD4   0x00070a    program     static C:\Users\97259\OneDrive\Desktop\PIC\PIC.asm
           DIVU16LOOPMOD4   0x000713    program     static C:\Users\97259\OneDrive\Desktop\PIC\PIC.asm
               COUNTXMOD4   0x000724    program     static C:\Users\97259\OneDrive\Desktop\PIC\PIC.asm
               FINALXMOD4   0x00072a    program     static C:\Users\97259\OneDrive\Desktop\PIC\PIC.asm
              END_DIVMOD4   0x000732    program     static C:\Users\97259\OneDrive\Desktop\PIC\PIC.asm
             SingleDouble   0x00075f    program     static C:\Users\97259\OneDrive\Desktop\PIC\PIC.asm
           Wait5SecondsYN   0x000766    program     static C:\Users\97259\OneDrive\Desktop\PIC\PIC.asm
                   LOOPYN   0x000767    program     static C:\Users\97259\OneDrive\Desktop\PIC\PIC.asm
          Wait5SecondsYN1   0x0007a0    program     static C:\Users\97259\OneDrive\Desktop\PIC\PIC.asm
                  LOOPYN1   0x0007a1    program     static C:\Users\97259\OneDrive\Desktop\PIC\PIC.asm
          Wait5SecondsYN2   0x0007e6    program     static C:\Users\97259\OneDrive\Desktop\PIC\PIC.asm
                  LOOPYN2   0x0007e7    program     static C:\Users\97259\OneDrive\Desktop\PIC\PIC.asm
                      YN2   0x0007f7    program     static C:\Users\97259\OneDrive\Desktop\PIC\PIC.asm


